// Jest Snapshot v1, https://goo.gl/fbAQLP

exports[`inserts source map 1`] = `
<html>
  <head>
    <style
      data-emotion="css"
      data-s=""
    >
      
      .css-xdvew0-Comp{color:hotpink;}/*# sourceMappingURL=data:application/json;charset=utf-8;base64,eyJ2ZXJzaW9uIjozLCJzb3VyY2VzIjpbInNvdXJjZS1tYXAudGVzdC5qcyJdLCJuYW1lcyI6W10sIm1hcHBpbmdzIjoiQUFPdUIiLCJmaWxlIjoic291cmNlLW1hcC50ZXN0LmpzIiwic291cmNlc0NvbnRlbnQiOlsiaW1wb3J0IFJlYWN0IGZyb20gJ3JlYWN0J1xuaW1wb3J0IHsgYWN0IH0gZnJvbSAncmVhY3QnXG5pbXBvcnQgeyBjc3MgfSBmcm9tICdAZW1vdGlvbi9yZWFjdCdcbmltcG9ydCBzdHlsZWQgZnJvbSAnQGVtb3Rpb24vc3R5bGVkJ1xuaW1wb3J0IHJlbmRlcmVyIGZyb20gJ3JlYWN0LXRlc3QtcmVuZGVyZXInXG5cbnRlc3QoJ2luc2VydHMgc291cmNlIG1hcCcsIGFzeW5jICgpID0+IHtcbiAgbGV0IENvbXAgPSBzdHlsZWQuZGl2YFxuICAgIGNvbG9yOiBob3RwaW5rO1xuICBgXG4gIGF3YWl0IGFjdCgoKSA9PiByZW5kZXJlci5jcmVhdGUoPENvbXAgLz4pKVxuICBleHBlY3QoZG9jdW1lbnQuZG9jdW1lbnRFbGVtZW50KS50b01hdGNoU25hcHNob3QoKVxufSlcblxudGVzdCgnc291cmNlIG1hcCB3aXRoIGNvbXBvc2VkIGNvbXBvbmVudCcsIGFzeW5jICgpID0+IHtcbiAgbGV0IENvbXAgPSBzdHlsZWQuZGl2YFxuICAgIGNvbG9yOiBob3RwaW5rO1xuICBgXG4gIGxldCBDb21wMiA9IHN0eWxlZChDb21wKWBcbiAgICBiYWNrZ3JvdW5kOiB5ZWxsb3c7XG4gIGBcbiAgYXdhaXQgYWN0KCgpID0+IHJlbmRlcmVyLmNyZWF0ZSg8Q29tcDIgLz4pKVxuICBleHBlY3QoZG9jdW1lbnQuZG9jdW1lbnRFbGVtZW50KS50b01hdGNoU25hcHNob3QoKVxufSlcblxudGVzdCgnc291cmNlIG1hcCB3aXRoIGNvbXBvc2VkIHN0eWxlJywgYXN5bmMgKCkgPT4ge1xuICBsZXQgc3R5bGUgPSBjc3MoeyBjb2xvcjogJ2dyZWVuJyB9KVxuICBsZXQgQ29tcDIgPSBzdHlsZWQuZGl2YFxuICAgIGJhY2tncm91bmQ6IHllbGxvdztcbiAgICAke3N0eWxlfVxuICBgXG4gIGF3YWl0IGFjdCgoKSA9PiByZW5kZXJlci5jcmVhdGUoPENvbXAyIC8+KSlcbiAgZXhwZWN0KGRvY3VtZW50LmRvY3VtZW50RWxlbWVudCkudG9NYXRjaFNuYXBzaG90KClcbn0pXG4iXX0= */
    </style>
  </head>
  <body />
</html>
`;

exports[`source map with composed component 1`] = `
<html>
  <head>
    <style
      data-emotion="css"
      data-s=""
    >
      
      .css-xdvew0-Comp{color:hotpink;}/*# sourceMappingURL=data:application/json;charset=utf-8;base64,eyJ2ZXJzaW9uIjozLCJzb3VyY2VzIjpbInNvdXJjZS1tYXAudGVzdC5qcyJdLCJuYW1lcyI6W10sIm1hcHBpbmdzIjoiQUFPdUIiLCJmaWxlIjoic291cmNlLW1hcC50ZXN0LmpzIiwic291cmNlc0NvbnRlbnQiOlsiaW1wb3J0IFJlYWN0IGZyb20gJ3JlYWN0J1xuaW1wb3J0IHsgYWN0IH0gZnJvbSAncmVhY3QnXG5pbXBvcnQgeyBjc3MgfSBmcm9tICdAZW1vdGlvbi9yZWFjdCdcbmltcG9ydCBzdHlsZWQgZnJvbSAnQGVtb3Rpb24vc3R5bGVkJ1xuaW1wb3J0IHJlbmRlcmVyIGZyb20gJ3JlYWN0LXRlc3QtcmVuZGVyZXInXG5cbnRlc3QoJ2luc2VydHMgc291cmNlIG1hcCcsIGFzeW5jICgpID0+IHtcbiAgbGV0IENvbXAgPSBzdHlsZWQuZGl2YFxuICAgIGNvbG9yOiBob3RwaW5rO1xuICBgXG4gIGF3YWl0IGFjdCgoKSA9PiByZW5kZXJlci5jcmVhdGUoPENvbXAgLz4pKVxuICBleHBlY3QoZG9jdW1lbnQuZG9jdW1lbnRFbGVtZW50KS50b01hdGNoU25hcHNob3QoKVxufSlcblxudGVzdCgnc291cmNlIG1hcCB3aXRoIGNvbXBvc2VkIGNvbXBvbmVudCcsIGFzeW5jICgpID0+IHtcbiAgbGV0IENvbXAgPSBzdHlsZWQuZGl2YFxuICAgIGNvbG9yOiBob3RwaW5rO1xuICBgXG4gIGxldCBDb21wMiA9IHN0eWxlZChDb21wKWBcbiAgICBiYWNrZ3JvdW5kOiB5ZWxsb3c7XG4gIGBcbiAgYXdhaXQgYWN0KCgpID0+IHJlbmRlcmVyLmNyZWF0ZSg8Q29tcDIgLz4pKVxuICBleHBlY3QoZG9jdW1lbnQuZG9jdW1lbnRFbGVtZW50KS50b01hdGNoU25hcHNob3QoKVxufSlcblxudGVzdCgnc291cmNlIG1hcCB3aXRoIGNvbXBvc2VkIHN0eWxlJywgYXN5bmMgKCkgPT4ge1xuICBsZXQgc3R5bGUgPSBjc3MoeyBjb2xvcjogJ2dyZWVuJyB9KVxuICBsZXQgQ29tcDIgPSBzdHlsZWQuZGl2YFxuICAgIGJhY2tncm91bmQ6IHllbGxvdztcbiAgICAke3N0eWxlfVxuICBgXG4gIGF3YWl0IGFjdCgoKSA9PiByZW5kZXJlci5jcmVhdGUoPENvbXAyIC8+KSlcbiAgZXhwZWN0KGRvY3VtZW50LmRvY3VtZW50RWxlbWVudCkudG9NYXRjaFNuYXBzaG90KClcbn0pXG4iXX0= */
    </style>
    <style
      data-emotion="css"
      data-s=""
    >
      
      .css-1gvw34f-Comp-Comp2{color:hotpink;background:yellow;}/*# sourceMappingURL=data:application/json;charset=utf-8;base64,eyJ2ZXJzaW9uIjozLCJzb3VyY2VzIjpbInNvdXJjZS1tYXAudGVzdC5qcyJdLCJuYW1lcyI6W10sIm1hcHBpbmdzIjoiQUFrQjBCIiwiZmlsZSI6InNvdXJjZS1tYXAudGVzdC5qcyIsInNvdXJjZXNDb250ZW50IjpbImltcG9ydCBSZWFjdCBmcm9tICdyZWFjdCdcbmltcG9ydCB7IGFjdCB9IGZyb20gJ3JlYWN0J1xuaW1wb3J0IHsgY3NzIH0gZnJvbSAnQGVtb3Rpb24vcmVhY3QnXG5pbXBvcnQgc3R5bGVkIGZyb20gJ0BlbW90aW9uL3N0eWxlZCdcbmltcG9ydCByZW5kZXJlciBmcm9tICdyZWFjdC10ZXN0LXJlbmRlcmVyJ1xuXG50ZXN0KCdpbnNlcnRzIHNvdXJjZSBtYXAnLCBhc3luYyAoKSA9PiB7XG4gIGxldCBDb21wID0gc3R5bGVkLmRpdmBcbiAgICBjb2xvcjogaG90cGluaztcbiAgYFxuICBhd2FpdCBhY3QoKCkgPT4gcmVuZGVyZXIuY3JlYXRlKDxDb21wIC8+KSlcbiAgZXhwZWN0KGRvY3VtZW50LmRvY3VtZW50RWxlbWVudCkudG9NYXRjaFNuYXBzaG90KClcbn0pXG5cbnRlc3QoJ3NvdXJjZSBtYXAgd2l0aCBjb21wb3NlZCBjb21wb25lbnQnLCBhc3luYyAoKSA9PiB7XG4gIGxldCBDb21wID0gc3R5bGVkLmRpdmBcbiAgICBjb2xvcjogaG90cGluaztcbiAgYFxuICBsZXQgQ29tcDIgPSBzdHlsZWQoQ29tcClgXG4gICAgYmFja2dyb3VuZDogeWVsbG93O1xuICBgXG4gIGF3YWl0IGFjdCgoKSA9PiByZW5kZXJlci5jcmVhdGUoPENvbXAyIC8+KSlcbiAgZXhwZWN0KGRvY3VtZW50LmRvY3VtZW50RWxlbWVudCkudG9NYXRjaFNuYXBzaG90KClcbn0pXG5cbnRlc3QoJ3NvdXJjZSBtYXAgd2l0aCBjb21wb3NlZCBzdHlsZScsIGFzeW5jICgpID0+IHtcbiAgbGV0IHN0eWxlID0gY3NzKHsgY29sb3I6ICdncmVlbicgfSlcbiAgbGV0IENvbXAyID0gc3R5bGVkLmRpdmBcbiAgICBiYWNrZ3JvdW5kOiB5ZWxsb3c7XG4gICAgJHtzdHlsZX1cbiAgYFxuICBhd2FpdCBhY3QoKCkgPT4gcmVuZGVyZXIuY3JlYXRlKDxDb21wMiAvPikpXG4gIGV4cGVjdChkb2N1bWVudC5kb2N1bWVudEVsZW1lbnQpLnRvTWF0Y2hTbmFwc2hvdCgpXG59KVxuIl19 */
    </style>
  </head>
  <body />
</html>
`;

exports[`source map with composed style 1`] = `
<html>
  <head>
    <style
      data-emotion="css"
      data-s=""
    >
      
      .css-xdvew0-Comp{color:hotpink;}/*# sourceMappingURL=data:application/json;charset=utf-8;base64,eyJ2ZXJzaW9uIjozLCJzb3VyY2VzIjpbInNvdXJjZS1tYXAudGVzdC5qcyJdLCJuYW1lcyI6W10sIm1hcHBpbmdzIjoiQUFPdUIiLCJmaWxlIjoic291cmNlLW1hcC50ZXN0LmpzIiwic291cmNlc0NvbnRlbnQiOlsiaW1wb3J0IFJlYWN0IGZyb20gJ3JlYWN0J1xuaW1wb3J0IHsgYWN0IH0gZnJvbSAncmVhY3QnXG5pbXBvcnQgeyBjc3MgfSBmcm9tICdAZW1vdGlvbi9yZWFjdCdcbmltcG9ydCBzdHlsZWQgZnJvbSAnQGVtb3Rpb24vc3R5bGVkJ1xuaW1wb3J0IHJlbmRlcmVyIGZyb20gJ3JlYWN0LXRlc3QtcmVuZGVyZXInXG5cbnRlc3QoJ2luc2VydHMgc291cmNlIG1hcCcsIGFzeW5jICgpID0+IHtcbiAgbGV0IENvbXAgPSBzdHlsZWQuZGl2YFxuICAgIGNvbG9yOiBob3RwaW5rO1xuICBgXG4gIGF3YWl0IGFjdCgoKSA9PiByZW5kZXJlci5jcmVhdGUoPENvbXAgLz4pKVxuICBleHBlY3QoZG9jdW1lbnQuZG9jdW1lbnRFbGVtZW50KS50b01hdGNoU25hcHNob3QoKVxufSlcblxudGVzdCgnc291cmNlIG1hcCB3aXRoIGNvbXBvc2VkIGNvbXBvbmVudCcsIGFzeW5jICgpID0+IHtcbiAgbGV0IENvbXAgPSBzdHlsZWQuZGl2YFxuICAgIGNvbG9yOiBob3RwaW5rO1xuICBgXG4gIGxldCBDb21wMiA9IHN0eWxlZChDb21wKWBcbiAgICBiYWNrZ3JvdW5kOiB5ZWxsb3c7XG4gIGBcbiAgYXdhaXQgYWN0KCgpID0+IHJlbmRlcmVyLmNyZWF0ZSg8Q29tcDIgLz4pKVxuICBleHBlY3QoZG9jdW1lbnQuZG9jdW1lbnRFbGVtZW50KS50b01hdGNoU25hcHNob3QoKVxufSlcblxudGVzdCgnc291cmNlIG1hcCB3aXRoIGNvbXBvc2VkIHN0eWxlJywgYXN5bmMgKCkgPT4ge1xuICBsZXQgc3R5bGUgPSBjc3MoeyBjb2xvcjogJ2dyZWVuJyB9KVxuICBsZXQgQ29tcDIgPSBzdHlsZWQuZGl2YFxuICAgIGJhY2tncm91bmQ6IHllbGxvdztcbiAgICAke3N0eWxlfVxuICBgXG4gIGF3YWl0IGFjdCgoKSA9PiByZW5kZXJlci5jcmVhdGUoPENvbXAyIC8+KSlcbiAgZXhwZWN0KGRvY3VtZW50LmRvY3VtZW50RWxlbWVudCkudG9NYXRjaFNuYXBzaG90KClcbn0pXG4iXX0= */
    </style>
    <style
      data-emotion="css"
      data-s=""
    >
      
      .css-1gvw34f-Comp-Comp2{color:hotpink;background:yellow;}/*# sourceMappingURL=data:application/json;charset=utf-8;base64,eyJ2ZXJzaW9uIjozLCJzb3VyY2VzIjpbInNvdXJjZS1tYXAudGVzdC5qcyJdLCJuYW1lcyI6W10sIm1hcHBpbmdzIjoiQUFrQjBCIiwiZmlsZSI6InNvdXJjZS1tYXAudGVzdC5qcyIsInNvdXJjZXNDb250ZW50IjpbImltcG9ydCBSZWFjdCBmcm9tICdyZWFjdCdcbmltcG9ydCB7IGFjdCB9IGZyb20gJ3JlYWN0J1xuaW1wb3J0IHsgY3NzIH0gZnJvbSAnQGVtb3Rpb24vcmVhY3QnXG5pbXBvcnQgc3R5bGVkIGZyb20gJ0BlbW90aW9uL3N0eWxlZCdcbmltcG9ydCByZW5kZXJlciBmcm9tICdyZWFjdC10ZXN0LXJlbmRlcmVyJ1xuXG50ZXN0KCdpbnNlcnRzIHNvdXJjZSBtYXAnLCBhc3luYyAoKSA9PiB7XG4gIGxldCBDb21wID0gc3R5bGVkLmRpdmBcbiAgICBjb2xvcjogaG90cGluaztcbiAgYFxuICBhd2FpdCBhY3QoKCkgPT4gcmVuZGVyZXIuY3JlYXRlKDxDb21wIC8+KSlcbiAgZXhwZWN0KGRvY3VtZW50LmRvY3VtZW50RWxlbWVudCkudG9NYXRjaFNuYXBzaG90KClcbn0pXG5cbnRlc3QoJ3NvdXJjZSBtYXAgd2l0aCBjb21wb3NlZCBjb21wb25lbnQnLCBhc3luYyAoKSA9PiB7XG4gIGxldCBDb21wID0gc3R5bGVkLmRpdmBcbiAgICBjb2xvcjogaG90cGluaztcbiAgYFxuICBsZXQgQ29tcDIgPSBzdHlsZWQoQ29tcClgXG4gICAgYmFja2dyb3VuZDogeWVsbG93O1xuICBgXG4gIGF3YWl0IGFjdCgoKSA9PiByZW5kZXJlci5jcmVhdGUoPENvbXAyIC8+KSlcbiAgZXhwZWN0KGRvY3VtZW50LmRvY3VtZW50RWxlbWVudCkudG9NYXRjaFNuYXBzaG90KClcbn0pXG5cbnRlc3QoJ3NvdXJjZSBtYXAgd2l0aCBjb21wb3NlZCBzdHlsZScsIGFzeW5jICgpID0+IHtcbiAgbGV0IHN0eWxlID0gY3NzKHsgY29sb3I6ICdncmVlbicgfSlcbiAgbGV0IENvbXAyID0gc3R5bGVkLmRpdmBcbiAgICBiYWNrZ3JvdW5kOiB5ZWxsb3c7XG4gICAgJHtzdHlsZX1cbiAgYFxuICBhd2FpdCBhY3QoKCkgPT4gcmVuZGVyZXIuY3JlYXRlKDxDb21wMiAvPikpXG4gIGV4cGVjdChkb2N1bWVudC5kb2N1bWVudEVsZW1lbnQpLnRvTWF0Y2hTbmFwc2hvdCgpXG59KVxuIl19 */
    </style>
    <style
      data-emotion="css"
      data-s=""
    >
      
      .css-16164n3-Comp2-style{background:yellow;color:green;}/*# sourceMappingURL=data:application/json;charset=utf-8;base64,eyJ2ZXJzaW9uIjozLCJzb3VyY2VzIjpbInNvdXJjZS1tYXAudGVzdC5qcyJdLCJuYW1lcyI6W10sIm1hcHBpbmdzIjoiQUEyQndCIiwiZmlsZSI6InNvdXJjZS1tYXAudGVzdC5qcyIsInNvdXJjZXNDb250ZW50IjpbImltcG9ydCBSZWFjdCBmcm9tICdyZWFjdCdcbmltcG9ydCB7IGFjdCB9IGZyb20gJ3JlYWN0J1xuaW1wb3J0IHsgY3NzIH0gZnJvbSAnQGVtb3Rpb24vcmVhY3QnXG5pbXBvcnQgc3R5bGVkIGZyb20gJ0BlbW90aW9uL3N0eWxlZCdcbmltcG9ydCByZW5kZXJlciBmcm9tICdyZWFjdC10ZXN0LXJlbmRlcmVyJ1xuXG50ZXN0KCdpbnNlcnRzIHNvdXJjZSBtYXAnLCBhc3luYyAoKSA9PiB7XG4gIGxldCBDb21wID0gc3R5bGVkLmRpdmBcbiAgICBjb2xvcjogaG90cGluaztcbiAgYFxuICBhd2FpdCBhY3QoKCkgPT4gcmVuZGVyZXIuY3JlYXRlKDxDb21wIC8+KSlcbiAgZXhwZWN0KGRvY3VtZW50LmRvY3VtZW50RWxlbWVudCkudG9NYXRjaFNuYXBzaG90KClcbn0pXG5cbnRlc3QoJ3NvdXJjZSBtYXAgd2l0aCBjb21wb3NlZCBjb21wb25lbnQnLCBhc3luYyAoKSA9PiB7XG4gIGxldCBDb21wID0gc3R5bGVkLmRpdmBcbiAgICBjb2xvcjogaG90cGluaztcbiAgYFxuICBsZXQgQ29tcDIgPSBzdHlsZWQoQ29tcClgXG4gICAgYmFja2dyb3VuZDogeWVsbG93O1xuICBgXG4gIGF3YWl0IGFjdCgoKSA9PiByZW5kZXJlci5jcmVhdGUoPENvbXAyIC8+KSlcbiAgZXhwZWN0KGRvY3VtZW50LmRvY3VtZW50RWxlbWVudCkudG9NYXRjaFNuYXBzaG90KClcbn0pXG5cbnRlc3QoJ3NvdXJjZSBtYXAgd2l0aCBjb21wb3NlZCBzdHlsZScsIGFzeW5jICgpID0+IHtcbiAgbGV0IHN0eWxlID0gY3NzKHsgY29sb3I6ICdncmVlbicgfSlcbiAgbGV0IENvbXAyID0gc3R5bGVkLmRpdmBcbiAgICBiYWNrZ3JvdW5kOiB5ZWxsb3c7XG4gICAgJHtzdHlsZX1cbiAgYFxuICBhd2FpdCBhY3QoKCkgPT4gcmVuZGVyZXIuY3JlYXRlKDxDb21wMiAvPikpXG4gIGV4cGVjdChkb2N1bWVudC5kb2N1bWVudEVsZW1lbnQpLnRvTWF0Y2hTbmFwc2hvdCgpXG59KVxuIl19 */
    </style>
  </head>
  <body />
</html>
`;
